// Jest Snapshot v1, https://goo.gl/fbAQLP

exports[`CounterComponent check snapshoot 1`] = `
<div
  id="root1"
>
  <h2>
    Counter 10
  </h2>
  <hr />
  <button
    class="btn btn-primary mx-1"
  >
    +1
  </button>
  <button
    class="btn btn-primary mx-1"
  >
    -1
  </button>
</div>
`;
