// Jest Snapshot v1, https://goo.gl/fbAQLP

exports[`AppComponent check snapshoot 1`] = `
<div
  id="root3"
>
  <h1>
    angular-testing
  </h1>
  <router-outlet />
  
</div>
`;
